// Jest Snapshot v1, https://goo.gl/fbAQLP

exports[`Layout Layout Render Snapshoot 1`] = `
<div>
  <div
    class="layout-content"
  >
    <section
      class="ant-layout"
    >
      <div
        class="container"
      >
        <div
          class="ant-page-header site-page-header ant-page-header-ghost"
        >
          <div
            class="ant-page-header-heading"
          >
            <div
              class="ant-page-header-heading-left"
            >
              <span
                class="ant-page-header-heading-title"
                title="Title"
              >
                Title
              </span>
              <span
                class="ant-page-header-heading-sub-title"
                title="This is a subtitle"
              >
                This is a subtitle
              </span>
            </div>
          </div>
        </div>
        <main
          class="ant-layout-content"
          style="padding: 0px 50px;"
        >
          <div
            class="site-layout-content"
          >
            <div>
              render layout
            </div>
          </div>
        </main>
      </div>
    </section>
  </div>
</div>
`;
