// Jest Snapshot v1, https://goo.gl/fbAQLP

exports[`App should render expect snapshoot 1`] = `
<div>
  <div>
    <div>
      Home, 
    </div>
  </div>
</div>
`;
